../Drivers/STM32WBxx_HAL_Driver/Inc/stm32wbxx_ll_bus.h:539:22:LL_AHB2_GRP1_EnableClock	24	static
../Core/Src/main.c:84:13:fl_update_role_led	16	static
../Core/Src/main.c:104:5:main	360	static,ignoring_inline_asm
../Core/Src/main.c:342:6:SystemClock_Config	112	static
../Core/Src/main.c:388:6:PeriphCommonClock_Config	88	static
../Core/Src/main.c:412:13:MX_LPUART1_UART_Init	8	static
../Core/Src/main.c:460:13:MX_GPIO_Init	32	static
../Core/Src/main.c:492:6:HAL_GPIO_EXTI_Callback	16	static
../Core/Src/main.c:504:6:Error_Handler	4	static,ignoring_inline_asm
