../Core/Src/protocol_uart.c:82:9:protocol_is_infer_finished	4	static
../Core/Src/protocol_uart.c:87:6:protocol_clear_infer_finished	4	static
../Core/Src/protocol_uart.c:92:9:protocol_is_train_finished	4	static
../Core/Src/protocol_uart.c:97:6:protocol_clear_train_finished	4	static
../Core/Src/protocol_uart.c:138:17:crc16_ccitt_update	24	static
../Core/Src/protocol_uart.c:153:6:protocol_init	16	static
../Core/Src/protocol_uart.c:185:6:protocol_start_uart_rx	8	static
../Core/Src/protocol_uart.c:191:6:HAL_UART_RxCpltCallback	16	static
../Core/Src/protocol_uart.c:201:6:protocol_uart_rx_byte	16	static
../Core/Src/protocol_uart.c:268:13:handle_message	48	static
../Core/Src/protocol_uart.c:501:13:send_frame	40	static
../Core/Src/protocol_uart.c:526:6:protocol_send_req	8	static
../Core/Src/protocol_uart.c:534:6:protocol_set_idle	24	static
../Core/Src/protocol_uart.c:554:6:protocol_send_end	8	static
../Core/Src/protocol_uart.c:560:6:protocol_send_results	40	static
../Core/Src/protocol_uart.c:572:6:protocol_while	24	static
../Core/Src/protocol_uart.c:614:6:protocol_resume_requesting	8	static
../Core/Src/protocol_uart.c:629:6:protocol_send_infer_req	8	static
../Core/Src/protocol_uart.c:635:9:protocol_is_inference_mode	4	static
../Core/Src/protocol_uart.c:640:6:protocol_send_inference_acc	24	static
../Core/Src/protocol_uart.c:647:6:protocol_after_infer_processed	8	static
../Core/Src/protocol_uart.c:675:9:protocol_is_test_finished	4	static
../Core/Src/protocol_uart.c:680:6:protocol_clear_test_finished	4	static
../Core/Src/protocol_uart.c:685:9:protocol_is_test_mode	4	static
../Core/Src/protocol_uart.c:690:9:protocol_is_running	4	static
../Core/Src/protocol_uart.c:695:6:protocol_set_runtime_epochs	16	static
../Core/Src/protocol_uart.c:700:6:protocol_set_control_mode	16	static
../Core/Src/protocol_uart.c:708:13:protocol_send_request_by_mode	8	static
../Core/Src/protocol_uart.c:718:6:protocol_start_processing	8	static
../Core/Src/protocol_uart.c:730:6:protocol_stop_processing	8	static
../Core/Src/protocol_uart.c:738:6:protocol_pause_processing	4	static
../Core/Src/protocol_uart.c:743:6:protocol_resume_processing	8	static
../Core/Src/protocol_uart.c:750:6:protocol_send_test_req	8	static
../Core/Src/protocol_uart.c:756:6:protocol_send_test_prediction	24	static
../Core/Src/protocol_uart.c:765:6:protocol_send_status	24	static
../Core/Src/protocol_uart.c:781:6:protocol_send_weights	40	dynamic
../Core/Src/protocol_uart.c:788:6:protocol_send_fed_broadcast	32784	static
../Core/Src/protocol_uart.c:802:6:protocol_after_test_processed	8	static
